analyst@1f979da870dd:~$ ls
Q1.encrypted  README.txt  caesar
analyst@1f979da870dd:~$ Q1.encrypted README.txt caesar
-bash: Q1.encrypted: command not found
analyst@1f979da870dd:~$ cat Q1.encrypted README.txt caesar
U2FsdGVkX1/nxHZY2p53/6gRmQ9alkNrVwOwPOgpTeB09rdnvKnydLPQsnOYHjgR
42Mwdv0ye94Im+u100Fl2+Bx3SHjJ7wZjOxA7Jew1x7g3LcRsRnFcFLyfAnn0f3u
xMIH/y+Y4HfVb6NUFueXM43M5Cn/Gz9JqIxpw+tZaajsrtZrsoEwenZEND1Ya6AY
rnVCjCFdTmSVG9EnzGxFT40DOw0yIhEAw5WqfBzjwgNSfz+p44Bnb3jUHsJt38gw
Hello,
All of your data has been encrypted. To recover your data, you will need to solve a cipher. To get started look for a hidden file in the caesar subdirectory.
cat: caesar: Is a directory
analyst@1f979da870dd:~$ cd caesar
analyst@1f979da870dd:~/caesar$ ls -a
.  ..  .leftShift3
analyst@1f979da870dd:~/caesar$ cat .leftShift3
Lq rughu wr uhfryhu brxu ilohv brx zloo qhhg wr hqwhu wkh iroorzlqj frppdqg:

rshqvvo dhv-256-fef -sengi2 -d -g -lq T1.hqfubswhg -rxw T1.uhfryhuhg -n hwwxeuxwh
analyst@1f979da870dd:~/caesar$ cat .leftShift3 | tr "d-za-cD-ZA-C" "a-zA-Z"
In order to recover your files you will need to enter the following command:

openssl aes-256-cbc -pbkdf2 -a -d -in Q1.encrypted -out Q1.recovered -k ettubrute
analyst@1f979da870dd:~/caesar$ openssl aes-256-cbc -pbkdf2 -a -d -in Q1.encrypted -out Q1.recovered -k ettubrute
Can't open Q1.encrypted for reading, No such file or directory
140047723619520:error:02001002:system library:fopen:No such file or directory:../crypto/bio/bss_file.c:69:fopen('Q1.encrypted','r')
140047723619520:error:2006D080:BIO routines:BIO_new_file:no such file:../crypto/bio/bss_file.c:76:
analyst@1f979da870dd:~/caesar$ cat openssl aes-256-cbc -pbkdf2 -a -d -in Q1.encrypted -out Q1.recovered -k ettubrute
cat: invalid option -- 'p'
Try 'cat --help' for more information.
analyst@1f979da870dd:~/caesar$ tr openssl aes-256-cbc -pbkdf2 -a -d -in Q1.encrypted -out Q1.recovered -k ettubrute
tr: extra operand '-pbkdf2'
Try 'tr --help' for more information.
analyst@1f979da870dd:~/caesar$ cat .leftShift3 | tr "d-za-cD-ZA-C" "a-zA-Z"
In order to recover your files you will need to enter the following command:

openssl aes-256-cbc -pbkdf2 -a -d -in Q1.encrypted -out Q1.recovered -k ettubrute
analyst@1f979da870dd:~/caesar$ cd ~
analyst@1f979da870dd:~$ openssl aes-256-cbc -pbkdf2 -a -d -in Q1.encrypted -out Q1.recovered -k ettubrute
analyst@1f979da870dd:~$ ls
Q1.encrypted  Q1.recovered  README.txt  caesar
analyst@1f979da870dd:~$ cat Q1.recovered
If you are able to read this, then you have successfully decrypted the classic cipher text. You recovered the encryption key that was used to encrypt this file. Great work!
analyst@1f979da870dd:~$ 
